// Jest Snapshot v1, https://goo.gl/fbAQLP

exports[`get location info should get all relevant fields for a given location 1`] = `
Object {
  "Comments": Object {
    "0": Object {
      "content": "Test comment",
      "posted_by": "Test poster",
    },
  },
  "Organization": Object {
    "description": "An organization meant for testing purposes.",
    "email": null,
    "name": "The Test Org",
    "url": "www.streetlives.com",
  },
  "Phones": Object {
    "0": Object {
      "description": null,
      "extension": null,
      "language": null,
      "number": "212.121.0123",
      "type": null,
    },
  },
  "Services": Object {
    "0": Object {
      "Languages": Object {},
      "RegularSchedules": Object {},
      "ServiceAtLocation": Object {
        "description": null,
      },
      "Taxonomies": Object {
        "0": Object {
          "ServiceTaxonomy": Object {},
          "name": "Shelter",
          "parent_name": null,
        },
      },
      "description": null,
      "email": null,
      "fees": null,
      "interpretation_services": null,
      "metadata": Object {
        "service": Object {},
      },
      "name": "A specific offering",
      "url": null,
    },
  },
  "address": Object {
    "city": "New York",
    "country": "United States",
    "postalCode": "10001",
    "region": null,
    "state": "NY",
    "street": "123 West 30th Street",
  },
  "description": null,
  "metadata": Object {
    "address": Object {},
    "location": Object {},
    "organization": Object {},
  },
  "name": "Some kind of center",
  "position": null,
  "transportation": null,
}
`;
