// Jest Snapshot v1, https://goo.gl/fbAQLP

exports[`get location info should get all relevant fields for a given location 1`] = `
Object {
  "AccessibilityForDisabilities": Object {},
  "EventRelatedInfos": Object {},
  "Organization": Object {
    "Phones": Object {},
    "createdAt": "2024-03-19T06:27:51.636Z",
    "description": "An organization meant for testing purposes.",
    "email": null,
    "name": "The Test Org",
    "updatedAt": "2024-03-19T06:27:51.636Z",
    "url": "www.streetlives.com",
  },
  "OrganizationId": "a0d9ec6b-f5ef-43a0-8254-896b53b6002a",
  "Phones": Object {
    "0": Object {
      "LocationId": "2c57deb3-cbf3-4d38-b0bb-1774f387f179",
      "OrganizationId": null,
      "ServiceAtLocationId": null,
      "ServiceId": null,
      "createdAt": "2024-03-19T06:27:51.688Z",
      "description": null,
      "extension": null,
      "language": null,
      "number": "212.121.0123",
      "type": null,
      "updatedAt": "2024-03-19T06:27:51.688Z",
    },
  },
  "Services": Object {
    "0": Object {
      "DocumentsInfo": null,
      "Eligibilities": Object {},
      "EventRelatedInfos": Object {},
      "HolidaySchedules": Object {},
      "Languages": Object {},
      "OrganizationId": "a0d9ec6b-f5ef-43a0-8254-896b53b6002a",
      "Phones": Object {},
      "RegularSchedules": Object {},
      "RequiredDocuments": Object {},
      "ServiceAreas": Object {},
      "ServiceAtLocation": Object {
        "LocationId": "2c57deb3-cbf3-4d38-b0bb-1774f387f179",
        "ServiceId": "cf645dbc-deda-413a-a50e-ec83b42bd553",
        "createdAt": "2024-03-19T06:27:51.713Z",
        "description": null,
        "updatedAt": "2024-03-19T06:27:51.713Z",
      },
      "ServiceTaxonomySpecificAttributes": Object {},
      "Taxonomies": Object {
        "0": Object {
          "ServiceTaxonomy": Object {
            "ServiceId": "cf645dbc-deda-413a-a50e-ec83b42bd553",
            "TaxonomyId": "b2474618-31ae-4cf9-a6d6-e557102e721c",
            "createdAt": "2024-03-19T06:27:51.698Z",
            "updatedAt": "2024-03-19T06:27:51.698Z",
          },
          "createdAt": "2024-03-19T06:27:51.675Z",
          "name": "Shelter",
          "parent_name": null,
          "updatedAt": "2024-03-19T06:27:51.675Z",
        },
      },
      "additional_info": "A service might have some other info as well.",
      "createdAt": "2024-03-19T06:27:51.660Z",
      "description": null,
      "email": null,
      "fees": null,
      "interpretation_services": null,
      "metadata": Object {
        "documents": null,
        "service": Object {},
        "sources": Object {},
      },
      "name": "A specific offering",
      "updatedAt": "2024-03-19T06:27:51.660Z",
      "url": null,
    },
  },
  "additionalInfo": "And some other, perhaps less standardized, information.",
  "address": Object {
    "city": "New York",
    "country": "United States",
    "postalCode": "10001",
    "region": null,
    "state": "NY",
    "street": "123 West 30th Street",
  },
  "createdAt": "2024-03-19T06:27:51.664Z",
  "description": "This is how one would describe this shelter.",
  "metadata": Object {
    "address": Object {},
    "location": Object {},
    "organization": Object {},
    "sources": Object {},
  },
  "name": "Some kind of center",
  "position": null,
  "transportation": null,
  "updatedAt": "2024-03-19T06:27:51.664Z",
}
`;
